[INFO] Scanning for projects...
[INFO] ------------------------------------------------------------------------
[INFO] Reactor Build Order:
[INFO] 
[INFO] ELADMIN 后台管理                                                       [pom]
[INFO] 公共模块                                                               [jar]
[INFO] 日志模块                                                               [jar]
[INFO] 工具模块                                                               [jar]
[INFO] 核心模块                                                               [jar]
[INFO] 代码生成模块                                                             [jar]
[INFO] forest模块                                                           [jar]
[INFO] main模块                                                             [jar]
[INFO] 
[INFO] ------------------------< me.zhengjie:eladmin >-------------------------
[INFO] Building ELADMIN 后台管理 1.1                                          [1/8]
[INFO]   from pom.xml
[INFO] --------------------------------[ pom ]---------------------------------
[INFO] 
[INFO] --- clean:3.2.0:clean (default-clean) @ eladmin ---
[INFO] 
[INFO] --- install:2.5.2:install (default-install) @ eladmin ---
[INFO] Installing D:\traeProject\trae_04\eladmin-mp\eladmin\pom.xml to D:\apache\hebi\me\zhengjie\eladmin\1.1\eladmin-1.1.pom
[INFO] 
[INFO] ---------------------< me.zhengjie:eladmin-common >---------------------
[INFO] Building 公共模块 1.1                                                  [2/8]
[INFO]   from eladmin-common\pom.xml
[INFO] --------------------------------[ jar ]---------------------------------
[INFO] 
[INFO] --- clean:3.2.0:clean (default-clean) @ eladmin-common ---
[INFO] Deleting D:\traeProject\trae_04\eladmin-mp\eladmin\eladmin-common\target
[INFO] 
[INFO] --- resources:3.2.0:resources (default-resources) @ eladmin-common ---
[INFO] Using 'UTF-8' encoding to copy filtered resources.
[INFO] Using 'UTF-8' encoding to copy filtered properties files.
[INFO] skip non existing resourceDirectory D:\traeProject\trae_04\eladmin-mp\eladmin\eladmin-common\src\main\resources
[INFO] skip non existing resourceDirectory D:\traeProject\trae_04\eladmin-mp\eladmin\eladmin-common\src\main\resources
[INFO] 
[INFO] --- compiler:3.10.1:compile (default-compile) @ eladmin-common ---
[INFO] Changes detected - recompiling the module!
[INFO] Compiling 51 source files to D:\traeProject\trae_04\eladmin-mp\eladmin\eladmin-common\target\classes
[INFO] 
[INFO] --- resources:3.2.0:testResources (default-testResources) @ eladmin-common ---
[INFO] Using 'UTF-8' encoding to copy filtered resources.
[INFO] Using 'UTF-8' encoding to copy filtered properties files.
[INFO] skip non existing resourceDirectory D:\traeProject\trae_04\eladmin-mp\eladmin\eladmin-common\src\test\resources
[INFO] 
[INFO] --- compiler:3.10.1:testCompile (default-testCompile) @ eladmin-common ---
[INFO] Changes detected - recompiling the module!
[INFO] Compiling 4 source files to D:\traeProject\trae_04\eladmin-mp\eladmin\eladmin-common\target\test-classes
[INFO] 
[INFO] --- surefire:2.22.2:test (default-test) @ eladmin-common ---
[INFO] Tests are skipped.
[INFO] 
[INFO] --- jar:3.2.2:jar (default-jar) @ eladmin-common ---
[INFO] Building jar: D:\traeProject\trae_04\eladmin-mp\eladmin\eladmin-common\target\eladmin-common-1.1.jar
[INFO] 
[INFO] --- install:2.5.2:install (default-install) @ eladmin-common ---
[INFO] Installing D:\traeProject\trae_04\eladmin-mp\eladmin\eladmin-common\target\eladmin-common-1.1.jar to D:\apache\hebi\me\zhengjie\eladmin-common\1.1\eladmin-common-1.1.jar
[INFO] Installing D:\traeProject\trae_04\eladmin-mp\eladmin\eladmin-common\pom.xml to D:\apache\hebi\me\zhengjie\eladmin-common\1.1\eladmin-common-1.1.pom
[INFO] 
[INFO] --------------------< me.zhengjie:eladmin-logging >---------------------
[INFO] Building 日志模块 1.1                                                  [3/8]
[INFO]   from eladmin-logging\pom.xml
[INFO] --------------------------------[ jar ]---------------------------------
[INFO] 
[INFO] --- clean:3.2.0:clean (default-clean) @ eladmin-logging ---
[INFO] Deleting D:\traeProject\trae_04\eladmin-mp\eladmin\eladmin-logging\target
[INFO] 
[INFO] --- resources:3.2.0:resources (default-resources) @ eladmin-logging ---
[INFO] Using 'UTF-8' encoding to copy filtered resources.
[INFO] Using 'UTF-8' encoding to copy filtered properties files.
[INFO] Copying 0 resource
[INFO] Copying 1 resource
[INFO] 
[INFO] --- compiler:3.10.1:compile (default-compile) @ eladmin-logging ---
[INFO] Changes detected - recompiling the module!
[INFO] Compiling 8 source files to D:\traeProject\trae_04\eladmin-mp\eladmin\eladmin-logging\target\classes
[INFO] 
[INFO] --- resources:3.2.0:testResources (default-testResources) @ eladmin-logging ---
[INFO] Using 'UTF-8' encoding to copy filtered resources.
[INFO] Using 'UTF-8' encoding to copy filtered properties files.
[INFO] skip non existing resourceDirectory D:\traeProject\trae_04\eladmin-mp\eladmin\eladmin-logging\src\test\resources
[INFO] 
[INFO] --- compiler:3.10.1:testCompile (default-testCompile) @ eladmin-logging ---
[INFO] No sources to compile
[INFO] 
[INFO] --- surefire:2.22.2:test (default-test) @ eladmin-logging ---
[INFO] Tests are skipped.
[INFO] 
[INFO] --- jar:3.2.2:jar (default-jar) @ eladmin-logging ---
[INFO] Building jar: D:\traeProject\trae_04\eladmin-mp\eladmin\eladmin-logging\target\eladmin-logging-1.1.jar
[INFO] 
[INFO] --- install:2.5.2:install (default-install) @ eladmin-logging ---
[INFO] Installing D:\traeProject\trae_04\eladmin-mp\eladmin\eladmin-logging\target\eladmin-logging-1.1.jar to D:\apache\hebi\me\zhengjie\eladmin-logging\1.1\eladmin-logging-1.1.jar
[INFO] Installing D:\traeProject\trae_04\eladmin-mp\eladmin\eladmin-logging\pom.xml to D:\apache\hebi\me\zhengjie\eladmin-logging\1.1\eladmin-logging-1.1.pom
[INFO] 
[INFO] ---------------------< me.zhengjie:eladmin-tools >----------------------
[INFO] Building 工具模块 1.1                                                  [4/8]
[INFO]   from eladmin-tools\pom.xml
[INFO] --------------------------------[ jar ]---------------------------------
[INFO] 
[INFO] --- clean:3.2.0:clean (default-clean) @ eladmin-tools ---
[INFO] Deleting D:\traeProject\trae_04\eladmin-mp\eladmin\eladmin-tools\target
[INFO] 
[INFO] --- resources:3.2.0:resources (default-resources) @ eladmin-tools ---
[INFO] Using 'UTF-8' encoding to copy filtered resources.
[INFO] Using 'UTF-8' encoding to copy filtered properties files.
[INFO] Copying 0 resource
[INFO] Copying 2 resources
[INFO] 
[INFO] --- compiler:3.10.1:compile (default-compile) @ eladmin-tools ---
[INFO] Changes detected - recompiling the module!
[INFO] Compiling 27 source files to D:\traeProject\trae_04\eladmin-mp\eladmin\eladmin-tools\target\classes
[INFO] 
[INFO] --- resources:3.2.0:testResources (default-testResources) @ eladmin-tools ---
[INFO] Using 'UTF-8' encoding to copy filtered resources.
[INFO] Using 'UTF-8' encoding to copy filtered properties files.
[INFO] skip non existing resourceDirectory D:\traeProject\trae_04\eladmin-mp\eladmin\eladmin-tools\src\test\resources
[INFO] 
[INFO] --- compiler:3.10.1:testCompile (default-testCompile) @ eladmin-tools ---
[INFO] No sources to compile
[INFO] 
[INFO] --- surefire:2.22.2:test (default-test) @ eladmin-tools ---
[INFO] Tests are skipped.
[INFO] 
[INFO] --- jar:3.2.2:jar (default-jar) @ eladmin-tools ---
[INFO] Building jar: D:\traeProject\trae_04\eladmin-mp\eladmin\eladmin-tools\target\eladmin-tools-1.1.jar
[INFO] 
[INFO] --- install:2.5.2:install (default-install) @ eladmin-tools ---
[INFO] Installing D:\traeProject\trae_04\eladmin-mp\eladmin\eladmin-tools\target\eladmin-tools-1.1.jar to D:\apache\hebi\me\zhengjie\eladmin-tools\1.1\eladmin-tools-1.1.jar
[INFO] Installing D:\traeProject\trae_04\eladmin-mp\eladmin\eladmin-tools\pom.xml to D:\apache\hebi\me\zhengjie\eladmin-tools\1.1\eladmin-tools-1.1.pom
[INFO] 
[INFO] ---------------------< me.zhengjie:eladmin-system >---------------------
[INFO] Building 核心模块 1.1                                                  [5/8]
[INFO]   from eladmin-system\pom.xml
[INFO] --------------------------------[ jar ]---------------------------------
[INFO] 
[INFO] --- clean:3.2.0:clean (default-clean) @ eladmin-system ---
[INFO] Deleting D:\traeProject\trae_04\eladmin-mp\eladmin\eladmin-system\target
[INFO] 
[INFO] --- resources:3.2.0:resources (default-resources) @ eladmin-system ---
[INFO] Using 'UTF-8' encoding to copy filtered resources.
[INFO] Using 'UTF-8' encoding to copy filtered properties files.
[INFO] Copying 0 resource
[INFO] Copying 21 resources
[INFO] 
[INFO] --- compiler:3.10.1:compile (default-compile) @ eladmin-system ---
[INFO] Changes detected - recompiling the module!
[INFO] Compiling 130 source files to D:\traeProject\trae_04\eladmin-mp\eladmin\eladmin-system\target\classes
[INFO] 
[INFO] --- resources:3.2.0:testResources (default-testResources) @ eladmin-system ---
[INFO] Using 'UTF-8' encoding to copy filtered resources.
[INFO] Using 'UTF-8' encoding to copy filtered properties files.
[INFO] skip non existing resourceDirectory D:\traeProject\trae_04\eladmin-mp\eladmin\eladmin-system\src\test\resources
[INFO] 
[INFO] --- compiler:3.10.1:testCompile (default-testCompile) @ eladmin-system ---
[INFO] No sources to compile
[INFO] 
[INFO] --- surefire:2.22.2:test (default-test) @ eladmin-system ---
[INFO] Tests are skipped.
[INFO] 
[INFO] --- jar:3.2.2:jar (default-jar) @ eladmin-system ---
[INFO] Building jar: D:\traeProject\trae_04\eladmin-mp\eladmin\eladmin-system\target\eladmin-system-1.1.jar
[INFO] 
[INFO] --- install:2.5.2:install (default-install) @ eladmin-system ---
[INFO] Installing D:\traeProject\trae_04\eladmin-mp\eladmin\eladmin-system\target\eladmin-system-1.1.jar to D:\apache\hebi\me\zhengjie\eladmin-system\1.1\eladmin-system-1.1.jar
[INFO] Installing D:\traeProject\trae_04\eladmin-mp\eladmin\eladmin-system\pom.xml to D:\apache\hebi\me\zhengjie\eladmin-system\1.1\eladmin-system-1.1.pom
[INFO] 
[INFO] -------------------< me.zhengjie:eladmin-generator >--------------------
[INFO] Building 代码生成模块 1.1                                                [6/8]
[INFO]   from eladmin-generator\pom.xml
[INFO] --------------------------------[ jar ]---------------------------------
[INFO] 
[INFO] --- clean:3.2.0:clean (default-clean) @ eladmin-generator ---
[INFO] Deleting D:\traeProject\trae_04\eladmin-mp\eladmin\eladmin-generator\target
[INFO] 
[INFO] --- resources:3.2.0:resources (default-resources) @ eladmin-generator ---
[INFO] Using 'UTF-8' encoding to copy filtered resources.
[INFO] Using 'UTF-8' encoding to copy filtered properties files.
[INFO] Copying 0 resource
[INFO] Copying 12 resources
[INFO] 
[INFO] --- compiler:3.10.1:compile (default-compile) @ eladmin-generator ---
[INFO] Changes detected - recompiling the module!
[INFO] Compiling 13 source files to D:\traeProject\trae_04\eladmin-mp\eladmin\eladmin-generator\target\classes
[INFO] 
[INFO] --- resources:3.2.0:testResources (default-testResources) @ eladmin-generator ---
[INFO] Using 'UTF-8' encoding to copy filtered resources.
[INFO] Using 'UTF-8' encoding to copy filtered properties files.
[INFO] skip non existing resourceDirectory D:\traeProject\trae_04\eladmin-mp\eladmin\eladmin-generator\src\test\resources
[INFO] 
[INFO] --- compiler:3.10.1:testCompile (default-testCompile) @ eladmin-generator ---
[INFO] No sources to compile
[INFO] 
[INFO] --- surefire:2.22.2:test (default-test) @ eladmin-generator ---
[INFO] Tests are skipped.
[INFO] 
[INFO] --- jar:3.2.2:jar (default-jar) @ eladmin-generator ---
[INFO] Building jar: D:\traeProject\trae_04\eladmin-mp\eladmin\eladmin-generator\target\eladmin-generator-1.1.jar
[INFO] 
[INFO] --- install:2.5.2:install (default-install) @ eladmin-generator ---
[INFO] Installing D:\traeProject\trae_04\eladmin-mp\eladmin\eladmin-generator\target\eladmin-generator-1.1.jar to D:\apache\hebi\me\zhengjie\eladmin-generator\1.1\eladmin-generator-1.1.jar
[INFO] Installing D:\traeProject\trae_04\eladmin-mp\eladmin\eladmin-generator\pom.xml to D:\apache\hebi\me\zhengjie\eladmin-generator\1.1\eladmin-generator-1.1.pom
[INFO] 
[INFO] ---------------------< me.zhengjie:eladmin-forest >---------------------
[INFO] Building forest模块 1.1                                              [7/8]
[INFO]   from eladmin-forest\pom.xml
[INFO] --------------------------------[ jar ]---------------------------------
[WARNING] Could not transfer metadata org.eclipse.emf:org.eclipse.emf.common/maven-metadata.xml from/to maven-default-http-blocker (http://0.0.0.0/): Blocked mirror for repositories: [public (http://maven.aliyun.com/nexus/content/groups/public/, default, releases+snapshots)]
[WARNING] The POM for org.eclipse.emf:org.eclipse.emf.common:jar:2.42.0 is invalid, transitive dependencies (if any) will not be available: 1 problem was encountered while building the effective model
[FATAL] Non-parseable POM D:\apache\hebi\org\eclipse\emf\org.eclipse.emf.common\2.42.0\org.eclipse.emf.common-2.42.0.pom: end tag name </head> must be the same as start tag <meta> from line 81 (position: TEXT seen ...meta content="#30353E" name="msapplication-TileColor">\n\n\n\n\n</head>... @86:8)  @ line 86, column 8

[WARNING] Could not transfer metadata org.eclipse.emf:org.eclipse.emf.ecore/maven-metadata.xml from/to maven-default-http-blocker (http://0.0.0.0/): Blocked mirror for repositories: [public (http://maven.aliyun.com/nexus/content/groups/public/, default, releases+snapshots)]
[WARNING] org.eclipse.emf:org.eclipse.emf.common/maven-metadata.xml failed to transfer from http://0.0.0.0/ during a previous attempt. This failure was cached in the local repository and resolution will not be reattempted until the update interval of maven-default-http-blocker has elapsed or updates are forced. Original error: Could not transfer metadata org.eclipse.emf:org.eclipse.emf.common/maven-metadata.xml from/to maven-default-http-blocker (http://0.0.0.0/): Blocked mirror for repositories: [public (http://maven.aliyun.com/nexus/content/groups/public/, default, releases+snapshots)]
[WARNING] org.eclipse.emf:org.eclipse.emf.common/maven-metadata.xml failed to transfer from http://0.0.0.0/ during a previous attempt. This failure was cached in the local repository and resolution will not be reattempted until the update interval of maven-default-http-blocker has elapsed or updates are forced. Original error: Could not transfer metadata org.eclipse.emf:org.eclipse.emf.common/maven-metadata.xml from/to maven-default-http-blocker (http://0.0.0.0/): Blocked mirror for repositories: [public (http://maven.aliyun.com/nexus/content/groups/public/, default, releases+snapshots)]
[WARNING] org.eclipse.emf:org.eclipse.emf.common/maven-metadata.xml failed to transfer from http://0.0.0.0/ during a previous attempt. This failure was cached in the local repository and resolution will not be reattempted until the update interval of maven-default-http-blocker has elapsed or updates are forced. Original error: Could not transfer metadata org.eclipse.emf:org.eclipse.emf.common/maven-metadata.xml from/to maven-default-http-blocker (http://0.0.0.0/): Blocked mirror for repositories: [public (http://maven.aliyun.com/nexus/content/groups/public/, default, releases+snapshots)]
[WARNING] org.eclipse.emf:org.eclipse.emf.common/maven-metadata.xml failed to transfer from http://0.0.0.0/ during a previous attempt. This failure was cached in the local repository and resolution will not be reattempted until the update interval of maven-default-http-blocker has elapsed or updates are forced. Original error: Could not transfer metadata org.eclipse.emf:org.eclipse.emf.common/maven-metadata.xml from/to maven-default-http-blocker (http://0.0.0.0/): Blocked mirror for repositories: [public (http://maven.aliyun.com/nexus/content/groups/public/, default, releases+snapshots)]
[WARNING] org.eclipse.emf:org.eclipse.emf.common/maven-metadata.xml failed to transfer from http://0.0.0.0/ during a previous attempt. This failure was cached in the local repository and resolution will not be reattempted until the update interval of maven-default-http-blocker has elapsed or updates are forced. Original error: Could not transfer metadata org.eclipse.emf:org.eclipse.emf.common/maven-metadata.xml from/to maven-default-http-blocker (http://0.0.0.0/): Blocked mirror for repositories: [public (http://maven.aliyun.com/nexus/content/groups/public/, default, releases+snapshots)]
[WARNING] org.eclipse.emf:org.eclipse.emf.common/maven-metadata.xml failed to transfer from http://0.0.0.0/ during a previous attempt. This failure was cached in the local repository and resolution will not be reattempted until the update interval of maven-default-http-blocker has elapsed or updates are forced. Original error: Could not transfer metadata org.eclipse.emf:org.eclipse.emf.common/maven-metadata.xml from/to maven-default-http-blocker (http://0.0.0.0/): Blocked mirror for repositories: [public (http://maven.aliyun.com/nexus/content/groups/public/, default, releases+snapshots)]
[WARNING] org.eclipse.emf:org.eclipse.emf.common/maven-metadata.xml failed to transfer from http://0.0.0.0/ during a previous attempt. This failure was cached in the local repository and resolution will not be reattempted until the update interval of maven-default-http-blocker has elapsed or updates are forced. Original error: Could not transfer metadata org.eclipse.emf:org.eclipse.emf.common/maven-metadata.xml from/to maven-default-http-blocker (http://0.0.0.0/): Blocked mirror for repositories: [public (http://maven.aliyun.com/nexus/content/groups/public/, default, releases+snapshots)]
[WARNING] org.eclipse.emf:org.eclipse.emf.common/maven-metadata.xml failed to transfer from http://0.0.0.0/ during a previous attempt. This failure was cached in the local repository and resolution will not be reattempted until the update interval of maven-default-http-blocker has elapsed or updates are forced. Original error: Could not transfer metadata org.eclipse.emf:org.eclipse.emf.common/maven-metadata.xml from/to maven-default-http-blocker (http://0.0.0.0/): Blocked mirror for repositories: [public (http://maven.aliyun.com/nexus/content/groups/public/, default, releases+snapshots)]
[WARNING] org.eclipse.emf:org.eclipse.emf.common/maven-metadata.xml failed to transfer from http://0.0.0.0/ during a previous attempt. This failure was cached in the local repository and resolution will not be reattempted until the update interval of maven-default-http-blocker has elapsed or updates are forced. Original error: Could not transfer metadata org.eclipse.emf:org.eclipse.emf.common/maven-metadata.xml from/to maven-default-http-blocker (http://0.0.0.0/): Blocked mirror for repositories: [public (http://maven.aliyun.com/nexus/content/groups/public/, default, releases+snapshots)]
[WARNING] org.eclipse.emf:org.eclipse.emf.common/maven-metadata.xml failed to transfer from http://0.0.0.0/ during a previous attempt. This failure was cached in the local repository and resolution will not be reattempted until the update interval of maven-default-http-blocker has elapsed or updates are forced. Original error: Could not transfer metadata org.eclipse.emf:org.eclipse.emf.common/maven-metadata.xml from/to maven-default-http-blocker (http://0.0.0.0/): Blocked mirror for repositories: [public (http://maven.aliyun.com/nexus/content/groups/public/, default, releases+snapshots)]
[WARNING] org.eclipse.emf:org.eclipse.emf.common/maven-metadata.xml failed to transfer from http://0.0.0.0/ during a previous attempt. This failure was cached in the local repository and resolution will not be reattempted until the update interval of maven-default-http-blocker has elapsed or updates are forced. Original error: Could not transfer metadata org.eclipse.emf:org.eclipse.emf.common/maven-metadata.xml from/to maven-default-http-blocker (http://0.0.0.0/): Blocked mirror for repositories: [public (http://maven.aliyun.com/nexus/content/groups/public/, default, releases+snapshots)]
[WARNING] org.eclipse.emf:org.eclipse.emf.common/maven-metadata.xml failed to transfer from http://0.0.0.0/ during a previous attempt. This failure was cached in the local repository and resolution will not be reattempted until the update interval of maven-default-http-blocker has elapsed or updates are forced. Original error: Could not transfer metadata org.eclipse.emf:org.eclipse.emf.common/maven-metadata.xml from/to maven-default-http-blocker (http://0.0.0.0/): Blocked mirror for repositories: [public (http://maven.aliyun.com/nexus/content/groups/public/, default, releases+snapshots)]
[WARNING] org.eclipse.emf:org.eclipse.emf.common/maven-metadata.xml failed to transfer from http://0.0.0.0/ during a previous attempt. This failure was cached in the local repository and resolution will not be reattempted until the update interval of maven-default-http-blocker has elapsed or updates are forced. Original error: Could not transfer metadata org.eclipse.emf:org.eclipse.emf.common/maven-metadata.xml from/to maven-default-http-blocker (http://0.0.0.0/): Blocked mirror for repositories: [public (http://maven.aliyun.com/nexus/content/groups/public/, default, releases+snapshots)]
[WARNING] org.eclipse.emf:org.eclipse.emf.common/maven-metadata.xml failed to transfer from http://0.0.0.0/ during a previous attempt. This failure was cached in the local repository and resolution will not be reattempted until the update interval of maven-default-http-blocker has elapsed or updates are forced. Original error: Could not transfer metadata org.eclipse.emf:org.eclipse.emf.common/maven-metadata.xml from/to maven-default-http-blocker (http://0.0.0.0/): Blocked mirror for repositories: [public (http://maven.aliyun.com/nexus/content/groups/public/, default, releases+snapshots)]
[WARNING] org.eclipse.emf:org.eclipse.emf.common/maven-metadata.xml failed to transfer from http://0.0.0.0/ during a previous attempt. This failure was cached in the local repository and resolution will not be reattempted until the update interval of maven-default-http-blocker has elapsed or updates are forced. Original error: Could not transfer metadata org.eclipse.emf:org.eclipse.emf.common/maven-metadata.xml from/to maven-default-http-blocker (http://0.0.0.0/): Blocked mirror for repositories: [public (http://maven.aliyun.com/nexus/content/groups/public/, default, releases+snapshots)]
[WARNING] org.eclipse.emf:org.eclipse.emf.common/maven-metadata.xml failed to transfer from http://0.0.0.0/ during a previous attempt. This failure was cached in the local repository and resolution will not be reattempted until the update interval of maven-default-http-blocker has elapsed or updates are forced. Original error: Could not transfer metadata org.eclipse.emf:org.eclipse.emf.common/maven-metadata.xml from/to maven-default-http-blocker (http://0.0.0.0/): Blocked mirror for repositories: [public (http://maven.aliyun.com/nexus/content/groups/public/, default, releases+snapshots)]
[WARNING] The POM for org.eclipse.emf:org.eclipse.emf.ecore:jar:2.39.0 is invalid, transitive dependencies (if any) will not be available: 1 problem was encountered while building the effective model
[FATAL] Non-parseable POM D:\apache\hebi\org\eclipse\emf\org.eclipse.emf.ecore\2.39.0\org.eclipse.emf.ecore-2.39.0.pom: end tag name </head> must be the same as start tag <meta> from line 81 (position: TEXT seen ...meta content="#30353E" name="msapplication-TileColor">\n\n\n\n\n</head>... @86:8)  @ line 86, column 8

[INFO] 
[INFO] --- clean:3.2.0:clean (default-clean) @ eladmin-forest ---
[INFO] Deleting D:\traeProject\trae_04\eladmin-mp\eladmin\eladmin-forest\target
[INFO] 
[INFO] --- resources:3.2.0:resources (default-resources) @ eladmin-forest ---
[INFO] Using 'UTF-8' encoding to copy filtered resources.
[INFO] Using 'UTF-8' encoding to copy filtered properties files.
[INFO] Copying 1 resource
[INFO] Copying 2 resources
[INFO] 
[INFO] --- compiler:3.10.1:compile (default-compile) @ eladmin-forest ---
[INFO] Changes detected - recompiling the module!
[INFO] Compiling 9 source files to D:\traeProject\trae_04\eladmin-mp\eladmin\eladmin-forest\target\classes
[INFO] 某些消息已经过简化; 请使用 -Xdiags:verbose 重新编译以获得完整输出
[INFO] -------------------------------------------------------------
[ERROR] COMPILATION ERROR : 
[INFO] -------------------------------------------------------------
[ERROR] /D:/traeProject/trae_04/eladmin-mp/eladmin/eladmin-forest/src/main/java/me/zhengjie/modules/forest/service/impl/ForestResourceServiceImpl.java:[27,26] 找不到符号
  符号:   类 QueryHelp
  位置: 程序包 me.zhengjie.utils
[ERROR] /D:/traeProject/trae_04/eladmin-mp/eladmin/eladmin-forest/src/main/java/me/zhengjie/modules/forest/domain/dto/ForestResourceQueryCriteria.java:[21,30] 找不到符号
  符号:   类 Query
  位置: 程序包 me.zhengjie.annotation
[ERROR] /D:/traeProject/trae_04/eladmin-mp/eladmin/eladmin-forest/src/main/java/me/zhengjie/modules/forest/domain/dto/ForestResourceQueryCriteria.java:[35,6] 找不到符号
  符号:   类 Query
  位置: 类 me.zhengjie.modules.forest.domain.dto.ForestResourceQueryCriteria
[ERROR] /D:/traeProject/trae_04/eladmin-mp/eladmin/eladmin-forest/src/main/java/me/zhengjie/modules/forest/domain/dto/ForestResourceQueryCriteria.java:[39,6] 找不到符号
  符号:   类 Query
  位置: 类 me.zhengjie.modules.forest.domain.dto.ForestResourceQueryCriteria
[ERROR] /D:/traeProject/trae_04/eladmin-mp/eladmin/eladmin-forest/src/main/java/me/zhengjie/modules/forest/domain/dto/ForestResourceQueryCriteria.java:[43,6] 找不到符号
  符号:   类 Query
  位置: 类 me.zhengjie.modules.forest.domain.dto.ForestResourceQueryCriteria
[ERROR] /D:/traeProject/trae_04/eladmin-mp/eladmin/eladmin-forest/src/main/java/me/zhengjie/modules/forest/domain/dto/ForestResourceQueryCriteria.java:[47,6] 找不到符号
  符号:   类 Query
  位置: 类 me.zhengjie.modules.forest.domain.dto.ForestResourceQueryCriteria
[ERROR] /D:/traeProject/trae_04/eladmin-mp/eladmin/eladmin-forest/src/main/java/me/zhengjie/modules/forest/domain/dto/ForestResourceQueryCriteria.java:[51,6] 找不到符号
  符号:   类 Query
  位置: 类 me.zhengjie.modules.forest.domain.dto.ForestResourceQueryCriteria
[ERROR] /D:/traeProject/trae_04/eladmin-mp/eladmin/eladmin-forest/src/main/java/me/zhengjie/modules/forest/domain/dto/ForestResourceQueryCriteria.java:[55,6] 找不到符号
  符号:   类 Query
  位置: 类 me.zhengjie.modules.forest.domain.dto.ForestResourceQueryCriteria
[ERROR] /D:/traeProject/trae_04/eladmin-mp/eladmin/eladmin-forest/src/main/java/me/zhengjie/modules/forest/domain/dto/ForestResourceQueryCriteria.java:[59,6] 找不到符号
  符号:   类 Query
  位置: 类 me.zhengjie.modules.forest.domain.dto.ForestResourceQueryCriteria
[ERROR] /D:/traeProject/trae_04/eladmin-mp/eladmin/eladmin-forest/src/main/java/me/zhengjie/modules/forest/domain/ForestResource.java:[74,65] 不兼容的类型: java.lang.Class<org.locationtech.jts.geom.Geometry>无法转换为java.lang.Class<? extends org.apache.ibatis.type.TypeHandler>
[ERROR] /D:/traeProject/trae_04/eladmin-mp/eladmin/eladmin-forest/src/main/java/me/zhengjie/modules/forest/service/impl/ForestResourceServiceImpl.java:[62,35] 找不到符号
  符号:   方法 getGeometry()
  位置: 类型为me.zhengjie.modules.forest.domain.ForestResource的变量 resources
[ERROR] /D:/traeProject/trae_04/eladmin-mp/eladmin/eladmin-forest/src/main/java/me/zhengjie/modules/forest/service/impl/ForestResourceServiceImpl.java:[70,35] 找不到符号
  符号:   方法 getGeometry()
  位置: 类型为me.zhengjie.modules.forest.domain.ForestResource的变量 resources
[ERROR] /D:/traeProject/trae_04/eladmin-mp/eladmin/eladmin-forest/src/main/java/me/zhengjie/modules/forest/service/impl/ForestResourceServiceImpl.java:[98,32] 不兼容的类型: java.util.List<me.zhengjie.modules.forest.domain.ForestResource>无法转换为java.util.List<java.util.Map<java.lang.String,java.lang.Object>>
[ERROR] /D:/traeProject/trae_04/eladmin-mp/eladmin/eladmin-forest/src/main/java/me/zhengjie/modules/forest/rest/ForestResourceController.java:[76,48] 找不到符号
  符号:   方法 getPage()
  位置: 类型为me.zhengjie.modules.forest.domain.dto.ForestResourceQueryCriteria的变量 criteria
[ERROR] /D:/traeProject/trae_04/eladmin-mp/eladmin/eladmin-forest/src/main/java/me/zhengjie/modules/forest/rest/ForestResourceController.java:[76,68] 找不到符号
  符号:   方法 getSize()
  位置: 类型为me.zhengjie.modules.forest.domain.dto.ForestResourceQueryCriteria的变量 criteria
[ERROR] /D:/traeProject/trae_04/eladmin-mp/eladmin/eladmin-forest/src/main/java/me/zhengjie/modules/forest/rest/ForestResourceController.java:[123,50] 找不到符号
  符号:   方法 getId()
  位置: 类型为me.zhengjie.modules.forest.domain.ForestResource的变量 resource
[ERROR] /D:/traeProject/trae_04/eladmin-mp/eladmin/eladmin-forest/src/main/java/me/zhengjie/modules/forest/rest/ForestResourceController.java:[124,65] 找不到符号
  符号:   方法 getForestClassNumber()
  位置: 类型为me.zhengjie.modules.forest.domain.ForestResource的变量 resource
[ERROR] /D:/traeProject/trae_04/eladmin-mp/eladmin/eladmin-forest/src/main/java/me/zhengjie/modules/forest/rest/ForestResourceController.java:[125,62] 找不到符号
  符号:   方法 getSubClassNumber()
  位置: 类型为me.zhengjie.modules.forest.domain.ForestResource的变量 resource
[ERROR] /D:/traeProject/trae_04/eladmin-mp/eladmin/eladmin-forest/src/main/java/me/zhengjie/modules/forest/rest/ForestResourceController.java:[126,59] 找不到符号
  符号:   方法 getTreeSpecies()
  位置: 类型为me.zhengjie.modules.forest.domain.ForestResource的变量 resource
[ERROR] /D:/traeProject/trae_04/eladmin-mp/eladmin/eladmin-forest/src/main/java/me/zhengjie/modules/forest/rest/ForestResourceController.java:[127,52] 找不到符号
  符号:   方法 getArea()
  位置: 类型为me.zhengjie.modules.forest.domain.ForestResource的变量 resource
[ERROR] /D:/traeProject/trae_04/eladmin-mp/eladmin/eladmin-forest/src/main/java/me/zhengjie/modules/forest/rest/ForestResourceController.java:[128,54] 找不到符号
  符号:   方法 getVolume()
  位置: 类型为me.zhengjie.modules.forest.domain.ForestResource的变量 resource
[ERROR] /D:/traeProject/trae_04/eladmin-mp/eladmin/eladmin-forest/src/main/java/me/zhengjie/modules/forest/rest/ForestResourceController.java:[129,56] 找不到符号
  符号:   方法 getGeometry()
  位置: 类型为me.zhengjie.modules.forest.domain.ForestResource的变量 resource
[INFO] 22 errors 
[INFO] -------------------------------------------------------------
[INFO] ------------------------------------------------------------------------
[INFO] Reactor Summary for ELADMIN 后台管理 1.1:
[INFO] 
[INFO] ELADMIN 后台管理 ....................................... SUCCESS [  1.552 s]
[INFO] 公共模块 ............................................... SUCCESS [ 31.054 s]
[INFO] 日志模块 ............................................... SUCCESS [  4.415 s]
[INFO] 工具模块 ............................................... SUCCESS [  8.550 s]
[INFO] 核心模块 ............................................... SUCCESS [ 23.991 s]
[INFO] 代码生成模块 ............................................. SUCCESS [  6.871 s]
[INFO] forest模块 ........................................... FAILURE [  7.024 s]
[INFO] main模块 ............................................. SKIPPED
[INFO] ------------------------------------------------------------------------
[INFO] BUILD FAILURE
[INFO] ------------------------------------------------------------------------
[INFO] Total time:  01:26 min
[INFO] Finished at: 2025-12-05T17:45:05+08:00
[INFO] ------------------------------------------------------------------------
[ERROR] Failed to execute goal org.apache.maven.plugins:maven-compiler-plugin:3.10.1:compile (default-compile) on project eladmin-forest: Compilation failure: Compilation failure: 
[ERROR] /D:/traeProject/trae_04/eladmin-mp/eladmin/eladmin-forest/src/main/java/me/zhengjie/modules/forest/service/impl/ForestResourceServiceImpl.java:[27,26] 找不到符号
[ERROR]   符号:   类 QueryHelp
[ERROR]   位置: 程序包 me.zhengjie.utils
[ERROR] /D:/traeProject/trae_04/eladmin-mp/eladmin/eladmin-forest/src/main/java/me/zhengjie/modules/forest/domain/dto/ForestResourceQueryCriteria.java:[21,30] 找不到符号
[ERROR]   符号:   类 Query
[ERROR]   位置: 程序包 me.zhengjie.annotation
[ERROR] /D:/traeProject/trae_04/eladmin-mp/eladmin/eladmin-forest/src/main/java/me/zhengjie/modules/forest/domain/dto/ForestResourceQueryCriteria.java:[35,6] 找不到符号
[ERROR]   符号:   类 Query
[ERROR]   位置: 类 me.zhengjie.modules.forest.domain.dto.ForestResourceQueryCriteria
[ERROR] /D:/traeProject/trae_04/eladmin-mp/eladmin/eladmin-forest/src/main/java/me/zhengjie/modules/forest/domain/dto/ForestResourceQueryCriteria.java:[39,6] 找不到符号
[ERROR]   符号:   类 Query
[ERROR]   位置: 类 me.zhengjie.modules.forest.domain.dto.ForestResourceQueryCriteria
[ERROR] /D:/traeProject/trae_04/eladmin-mp/eladmin/eladmin-forest/src/main/java/me/zhengjie/modules/forest/domain/dto/ForestResourceQueryCriteria.java:[43,6] 找不到符号
[ERROR]   符号:   类 Query
[ERROR]   位置: 类 me.zhengjie.modules.forest.domain.dto.ForestResourceQueryCriteria
[ERROR] /D:/traeProject/trae_04/eladmin-mp/eladmin/eladmin-forest/src/main/java/me/zhengjie/modules/forest/domain/dto/ForestResourceQueryCriteria.java:[47,6] 找不到符号
[ERROR]   符号:   类 Query
[ERROR]   位置: 类 me.zhengjie.modules.forest.domain.dto.ForestResourceQueryCriteria
[ERROR] /D:/traeProject/trae_04/eladmin-mp/eladmin/eladmin-forest/src/main/java/me/zhengjie/modules/forest/domain/dto/ForestResourceQueryCriteria.java:[51,6] 找不到符号
[ERROR]   符号:   类 Query
[ERROR]   位置: 类 me.zhengjie.modules.forest.domain.dto.ForestResourceQueryCriteria
[ERROR] /D:/traeProject/trae_04/eladmin-mp/eladmin/eladmin-forest/src/main/java/me/zhengjie/modules/forest/domain/dto/ForestResourceQueryCriteria.java:[55,6] 找不到符号
[ERROR]   符号:   类 Query
[ERROR]   位置: 类 me.zhengjie.modules.forest.domain.dto.ForestResourceQueryCriteria
[ERROR] /D:/traeProject/trae_04/eladmin-mp/eladmin/eladmin-forest/src/main/java/me/zhengjie/modules/forest/domain/dto/ForestResourceQueryCriteria.java:[59,6] 找不到符号
[ERROR]   符号:   类 Query
[ERROR]   位置: 类 me.zhengjie.modules.forest.domain.dto.ForestResourceQueryCriteria
[ERROR] /D:/traeProject/trae_04/eladmin-mp/eladmin/eladmin-forest/src/main/java/me/zhengjie/modules/forest/domain/ForestResource.java:[74,65] 不兼容的类型: java.lang.Class<org.locationtech.jts.geom.Geometry>无法转换为java.lang.Class<? extends org.apache.ibatis.type.TypeHandler>
[ERROR] /D:/traeProject/trae_04/eladmin-mp/eladmin/eladmin-forest/src/main/java/me/zhengjie/modules/forest/service/impl/ForestResourceServiceImpl.java:[62,35] 找不到符号
[ERROR]   符号:   方法 getGeometry()
[ERROR]   位置: 类型为me.zhengjie.modules.forest.domain.ForestResource的变量 resources
[ERROR] /D:/traeProject/trae_04/eladmin-mp/eladmin/eladmin-forest/src/main/java/me/zhengjie/modules/forest/service/impl/ForestResourceServiceImpl.java:[70,35] 找不到符号
[ERROR]   符号:   方法 getGeometry()
[ERROR]   位置: 类型为me.zhengjie.modules.forest.domain.ForestResource的变量 resources
[ERROR] /D:/traeProject/trae_04/eladmin-mp/eladmin/eladmin-forest/src/main/java/me/zhengjie/modules/forest/service/impl/ForestResourceServiceImpl.java:[98,32] 不兼容的类型: java.util.List<me.zhengjie.modules.forest.domain.ForestResource>无法转换为java.util.List<java.util.Map<java.lang.String,java.lang.Object>>
[ERROR] /D:/traeProject/trae_04/eladmin-mp/eladmin/eladmin-forest/src/main/java/me/zhengjie/modules/forest/rest/ForestResourceController.java:[76,48] 找不到符号
[ERROR]   符号:   方法 getPage()
[ERROR]   位置: 类型为me.zhengjie.modules.forest.domain.dto.ForestResourceQueryCriteria的变量 criteria
[ERROR] /D:/traeProject/trae_04/eladmin-mp/eladmin/eladmin-forest/src/main/java/me/zhengjie/modules/forest/rest/ForestResourceController.java:[76,68] 找不到符号
[ERROR]   符号:   方法 getSize()
[ERROR]   位置: 类型为me.zhengjie.modules.forest.domain.dto.ForestResourceQueryCriteria的变量 criteria
[ERROR] /D:/traeProject/trae_04/eladmin-mp/eladmin/eladmin-forest/src/main/java/me/zhengjie/modules/forest/rest/ForestResourceController.java:[123,50] 找不到符号
[ERROR]   符号:   方法 getId()
[ERROR]   位置: 类型为me.zhengjie.modules.forest.domain.ForestResource的变量 resource
[ERROR] /D:/traeProject/trae_04/eladmin-mp/eladmin/eladmin-forest/src/main/java/me/zhengjie/modules/forest/rest/ForestResourceController.java:[124,65] 找不到符号
[ERROR]   符号:   方法 getForestClassNumber()
[ERROR]   位置: 类型为me.zhengjie.modules.forest.domain.ForestResource的变量 resource
[ERROR] /D:/traeProject/trae_04/eladmin-mp/eladmin/eladmin-forest/src/main/java/me/zhengjie/modules/forest/rest/ForestResourceController.java:[125,62] 找不到符号
[ERROR]   符号:   方法 getSubClassNumber()
[ERROR]   位置: 类型为me.zhengjie.modules.forest.domain.ForestResource的变量 resource
[ERROR] /D:/traeProject/trae_04/eladmin-mp/eladmin/eladmin-forest/src/main/java/me/zhengjie/modules/forest/rest/ForestResourceController.java:[126,59] 找不到符号
[ERROR]   符号:   方法 getTreeSpecies()
[ERROR]   位置: 类型为me.zhengjie.modules.forest.domain.ForestResource的变量 resource
[ERROR] /D:/traeProject/trae_04/eladmin-mp/eladmin/eladmin-forest/src/main/java/me/zhengjie/modules/forest/rest/ForestResourceController.java:[127,52] 找不到符号
[ERROR]   符号:   方法 getArea()
[ERROR]   位置: 类型为me.zhengjie.modules.forest.domain.ForestResource的变量 resource
[ERROR] /D:/traeProject/trae_04/eladmin-mp/eladmin/eladmin-forest/src/main/java/me/zhengjie/modules/forest/rest/ForestResourceController.java:[128,54] 找不到符号
[ERROR]   符号:   方法 getVolume()
[ERROR]   位置: 类型为me.zhengjie.modules.forest.domain.ForestResource的变量 resource
[ERROR] /D:/traeProject/trae_04/eladmin-mp/eladmin/eladmin-forest/src/main/java/me/zhengjie/modules/forest/rest/ForestResourceController.java:[129,56] 找不到符号
[ERROR]   符号:   方法 getGeometry()
[ERROR]   位置: 类型为me.zhengjie.modules.forest.domain.ForestResource的变量 resource
[ERROR] -> [Help 1]
[ERROR] 
[ERROR] To see the full stack trace of the errors, re-run Maven with the -e switch.
[ERROR] Re-run Maven using the -X switch to enable full debug logging.
[ERROR] 
[ERROR] For more information about the errors and possible solutions, please read the following articles:
[ERROR] [Help 1] http://cwiki.apache.org/confluence/display/MAVEN/MojoFailureException
[ERROR] 
[ERROR] After correcting the problems, you can resume the build with the command
[ERROR]   mvn <args> -rf :eladmin-forest
